---
source: crates/rcc_tests/tests/mod.rs
---
source: invalid_unfoldable_case_label.c
compiler_output:
  × Case label cannot be folded into an integer constant
   ╭─[4:10]
 3 │   switch (x) {
 4 │     case 1 + x:;
   ·          ─────
 5 │   }
   ╰────
