---
source: crates/rcc_tests/tests/mod.rs
---
source: invalid_out_of_scope.c
compiler_output:
  × Undefined `a`
   ╭─[5:12]
 4 │     }
 5 │     return a;
   ·            ─
 6 │ }
   ╰────
