---
source: crates/rcc_tests/tests/mod.rs
---
source: invalid_unclosed_paren.c
compiler_output:
  × Expected `)` but found `;`
   ╭─[3:14]
 2 │ {
 3 │     return (1;
   ·              ┬
   ·              ╰── `)` expected
 4 │ }
   ╰────
