---
source: crates/rcc_tests/tests/mod.rs
---
source: valid_parens_2.c
exit_status: 253
