---
source: crates/rcc_tests/tests/mod.rs
---
source: valid_sub_negative.c
exit_status: 3
