---
source: crates/rcc_tests/tests/mod.rs
---
source: valid_bitwise.c
exit_status: 243
