---
source: crates/rcc_tests/tests/mod.rs
---
source: valid_if_not_taken.c
exit_status: 0
