---
source: crates/rcc_tests/tests/mod.rs
---
source: valid_for_shadow.c
exit_status: 1
