---
source: crates/rcc_tests/tests/mod.rs
---
source: valid_null_statement.c
exit_status: 0
