---
source: crates/rcc_tests/tests/mod.rs
---
source: valid_use_in_inner_scope.c
exit_status: 3
