---
source: crates/rcc_tests/tests/mod.rs
---
source: valid_associativity_and_precedence.c
exit_status: 10
