---
source: crates/rcc_tests/tests/mod.rs
---
source: valid_assign_to_self_2.c
exit_status: 4
