---
source: crates/rcc_tests/tests/mod.rs
---
source: valid_duffs_device.c
exit_status: 1
