---
source: crates/rcc_tests/tests/mod.rs
---
source: valid_compound_bitwise_chain.c
exit_status: 1
