---
source: crates/rcc_tests/tests/mod.rs
---
source: valid_mod.c
exit_status: 0
