---
source: crates/rcc_tests/tests/mod.rs
---
source: valid_mul.c
exit_status: 6
