---
source: crates/rcc_tests/tests/mod.rs
---
source: valid_compare_arithmetic_results.c
exit_status: 1
