---
source: crates/rcc_tests/tests/mod.rs
---
source: valid_bitwise_shiftl.c
exit_status: 140
