---
source: crates/rcc_tests/tests/mod.rs
---
source: valid_return_0.c
exit_status: 0
