---
source: crates/rcc_tests/tests/mod.rs
---
source: valid_associativity_3.c
exit_status: 8
