---
source: crates/rcc_tests/tests/mod.rs
---
source: valid_bitwise_or.c
exit_status: 3
