---
source: crates/rcc_tests/tests/mod.rs
---
source: valid_incr_parenthesized.c
exit_status: 1
