---
source: crates/rcc_tests/tests/mod.rs
---
source: valid_newlines.c
exit_status: 0
