---
source: crates/rcc_tests/tests/mod.rs
---
source: valid_switch_break.c
exit_status: 10
