---
source: crates/rcc_tests/tests/mod.rs
---
source: valid_nested_ops.c
exit_status: 2
