---
source: crates/rcc_tests/tests/mod.rs
---
source: valid_if_nested.c
exit_status: 1
