---
source: crates/rcc_tests/tests/mod.rs
---
source: valid_switch_goto_midcase.c
exit_status: 1
