---
source: crates/rcc_tests/tests/mod.rs
---
source: valid_add_variables.c
exit_status: 3
