---
source: crates/rcc_tests/tests/mod.rs
---
source: valid_bitwise_shift_precedence.c
exit_status: 76
