---
source: crates/rcc_tests/tests/mod.rs
---
source: valid_postfix_precedence.c
exit_status: 1
